// Jest Snapshot v1, https://goo.gl/fbAQLP

exports[`Testing Header 1`] = `
<div>
  <div
    class="z-50 font-black w-min text-xl py-[8px] px-[14px] bg-black text-white italic rounded-[20px]"
  >
    BUMPER
  </div>
</div>
`;
